// Jest Snapshot v1, https://goo.gl/fbAQLP

exports[`Given a RobotItem component When it receives a robot Then it should render a card with the given robot inside 1`] = `
<li>
  <div
    className="card"
  >
    <img
      alt="cute robot"
      className="card-img-top"
      src="D"
    />
    <div
      className="card-body"
    >
      <h5
        className="card-title"
      >
        Molestiae unde.
      </h5>
      <p
        className="card-text"
      >
        Speed:
        0
        Toughness:
        0
      </p>
      <button
        className="btn btn-primary"
        onClick={[Function]}
      >
        Edit
      </button>
      <button
        className="btn btn-primary"
        onClick={[Function]}
      >
        Delete
      </button>
    </div>
  </div>
</li>
`;
